******************************************************************************
                  MSP430 Linker Unix v18.1.4                   
******************************************************************************
>> Linked Thu May  7 01:47:15 2020

OUTPUT FILE NAME:   <simonfinal.out>
ENTRY POINT SYMBOL: "_c_int00_noargs"  address: 0000d1c0


MEMORY CONFIGURATION

         name            origin    length      used     unused   attr    fill
----------------------  --------  ---------  --------  --------  ----  --------
  SFR                   00000000   00000010  00000000  00000010  RWIX
  PERIPHERALS_8BIT      00000010   000000f0  00000000  000000f0  RWIX
  PERIPHERALS_16BIT     00000100   00000100  00000000  00000100  RWIX
  RAM                   00000200   00000200  000001a8  00000058  RWIX
  INFOD                 00001000   00000040  00000000  00000040  RWIX
  INFOC                 00001040   00000040  00000000  00000040  RWIX
  INFOB                 00001080   00000040  00000000  00000040  RWIX
  INFOA                 000010c0   00000040  00000000  00000040  RWIX
  FLASH                 0000c000   00003fde  000012e4  00002cfa  RWIX
  BSLSIGNATURE          0000ffde   00000002  00000002  00000000  RWIX  ffff 
  INT00                 0000ffe0   00000002  00000002  00000000  RWIX
  INT01                 0000ffe2   00000002  00000000  00000002  RWIX
  INT02                 0000ffe4   00000002  00000002  00000000  RWIX
  INT03                 0000ffe6   00000002  00000002  00000000  RWIX
  INT04                 0000ffe8   00000002  00000000  00000002  RWIX
  INT05                 0000ffea   00000002  00000002  00000000  RWIX
  INT06                 0000ffec   00000002  00000002  00000000  RWIX
  INT07                 0000ffee   00000002  00000002  00000000  RWIX
  INT08                 0000fff0   00000002  00000002  00000000  RWIX
  INT09                 0000fff2   00000002  00000002  00000000  RWIX
  INT10                 0000fff4   00000002  00000002  00000000  RWIX
  INT11                 0000fff6   00000002  00000002  00000000  RWIX
  INT12                 0000fff8   00000002  00000002  00000000  RWIX
  INT13                 0000fffa   00000002  00000002  00000000  RWIX
  INT14                 0000fffc   00000002  00000002  00000000  RWIX
  RESET                 0000fffe   00000002  00000002  00000000  RWIX


SECTION ALLOCATION MAP

 output                                  attributes/
section   page    origin      length       input sections
--------  ----  ----------  ----------   ----------------
.bss       0    00000200    000000da     UNINITIALIZED
                  00000200    00000096     playsound2.obj (.bss:tobeplayed)
                  00000296    00000018     (.common:songnotes)
                  000002ae    0000000c     (.common:check_array)
                  000002ba    0000000c     (.common:currsequence)
                  000002c6    0000000c     (.common:seqgenerated)
                  000002d2    00000002     (.common:TIME_OUT)
                  000002d4    00000002     (.common:WAITING)
                  000002d6    00000002     (.common:global_len)
                  000002d8    00000002     (.common:prearray)

.data      0    000002da    0000007e     UNINITIALIZED
                  000002da    00000013     turnonlights.obj (.data)
                  000002ed    00000001     --HOLE--
                  000002ee    0000000e     simonmain.obj (.data:button1)
                  000002fc    0000000e     simonmain.obj (.data:button2)
                  0000030a    0000000e     simonmain.obj (.data:button3)
                  00000318    0000000e     simonmain.obj (.data:button4)
                  00000326    0000000e     simonmain.obj (.data)
                  00000334    0000000c     turnonlights.obj (.data:kelvintable)
                  00000340    0000000a     random.obj (.data)
                  0000034a    00000008     simonmain.obj (.data:soundtable)
                  00000352    00000006     playsound2.obj (.data)

.stack     0    000003b0    00000050     UNINITIALIZED
                  000003b0    00000002     rts430_eabi.lib : boot.c.obj (.stack)
                  000003b2    0000004e     --HOLE--

.text      0    0000c000    0000129e     
                  0000c000    00000216     turnonlights.obj (.text:winlose_seq)
                  0000c216    000001ba     turnonlights.obj (.text:start_seq_on)
                  0000c3d0    00000158     simonmain.obj (.text:simon_logic)
                  0000c528    00000154     turnonlights.obj (.text:led1_blue_on)
                  0000c67c    00000154     turnonlights.obj (.text:led2_green_on)
                  0000c7d0    00000154     turnonlights.obj (.text:led3_red_on)
                  0000c924    00000154     turnonlights.obj (.text:led4_yellow_on)
                  0000ca78    0000012c     turnonlights.obj (.text:led_off)
                  0000cba4    00000124     simonmain.obj (.text:soundlightonpress_and_check)
                  0000ccc8    000000bc     playsound2.obj (.text:playsound2)
                  0000cd84    000000b0     playsound2.obj (.text:timer0_isr)
                  0000ce34    00000096     random.obj (.text:init2)
                  0000ceca    0000007c     rts430_eabi.lib : copy_decompress_lzss.c.obj (.text:decompress:lzss:__TI_decompress_lzss)
                  0000cf46    00000064     simonmain.obj (.text:button_press_isr)
                  0000cfaa    0000004e     random.obj (.text:rand)
                  0000cff8    0000004c     rts430_eabi.lib : lsr16.asm.obj (.text)
                  0000d044    00000044     simonmain.obj (.text:generatesequence)
                  0000d088    00000042     rts430_eabi.lib : autoinit.c.obj (.text:__TI_auto_init_nobinit_nopinit:__TI_auto_init_nobinit_nopinit)
                  0000d0ca    0000003e     simonmain.obj (.text:convertnumstosound)
                  0000d108    00000034     simonmain.obj (.text:generatecurrsequence)
                  0000d13c    0000002c     simonmain.obj (.text:initgame)
                  0000d168    0000002c     rts430_eabi.lib : div16s.asm.obj (.text)
                  0000d194    0000002c                     : lsl16.asm.obj (.text)
                  0000d1c0    0000001c                     : boot.c.obj (.text:_c_int00_noargs)
                  0000d1dc    00000016                     : div16u.asm.obj (.text)
                  0000d1f2    00000014                     : copy_zero_init.c.obj (.text:decompress:ZI:__TI_zero_init_nomemset:__TI_zero_init_nomemset)
                  0000d206    00000014                     : mult16.asm.obj (.text)
                  0000d21a    00000012                     : copy_decompress_none.c.obj (.text:decompress:none:__TI_decompress_none)
                  0000d22c    00000012     random.obj (.text:get_ADC_val)
                  0000d23e    00000012     rts430_eabi.lib : memcpy.c.obj (.text:memcpy)
                  0000d250    00000012     simonmain.obj (.text:watchdog_timer)
                  0000d262    00000010     rts430_eabi.lib : epilog.asm.obj (.text)
                  0000d272    0000000e     random.obj (.text:srand)
                  0000d280    0000000a     simonmain.obj (.text:main)
                  0000d28a    00000008     rts430_eabi.lib : isr_trap.asm.obj (.text:_isr:__TI_ISR_TRAP)
                  0000d292    00000006                     : exit.c.obj (.text:abort)
                  0000d298    00000004                     : pre_init.c.obj (.text:_system_pre_init)
                  0000d29c    00000002                     : startup.c.obj (.text:_system_post_cinit)

.cinit     0    0000d29e    00000046     
                  0000d29e    00000033     (.cinit..data.load) [load image, compression = lzss]
                  0000d2d1    00000001     --HOLE-- [fill = 0]
                  0000d2d2    00000006     (__TI_handler_table)
                  0000d2d8    00000004     (.cinit..bss.load) [load image, compression = zero_init]
                  0000d2dc    00000008     (__TI_cinit_table)

.binit     0    0000c000    00000000     

.init_array 
*          0    0000c000    00000000     UNINITIALIZED

TRAPINT    0    0000ffe0    00000002     
                  0000ffe0    00000002     rts430_eabi.lib : int00.asm.obj (.int00)

PORT1      0    0000ffe4    00000002     
                  0000ffe4    00000002     rts430_eabi.lib : int02.asm.obj (.int02)

PORT2      0    0000ffe6    00000002     
                  0000ffe6    00000002     simonmain.obj (.int03)

ADC10      0    0000ffea    00000002     
                  0000ffea    00000002     rts430_eabi.lib : int05.asm.obj (.int05)

USCIAB0TX 
*          0    0000ffec    00000002     
                  0000ffec    00000002     rts430_eabi.lib : int06.asm.obj (.int06)

USCIAB0RX 
*          0    0000ffee    00000002     
                  0000ffee    00000002     rts430_eabi.lib : int07.asm.obj (.int07)

TIMER0_A1 
*          0    0000fff0    00000002     
                  0000fff0    00000002     rts430_eabi.lib : int08.asm.obj (.int08)

TIMER0_A0 
*          0    0000fff2    00000002     
                  0000fff2    00000002     playsound2.obj (.int09)

WDT        0    0000fff4    00000002     
                  0000fff4    00000002     simonmain.obj (.int10)

COMPARATORA 
*          0    0000fff6    00000002     
                  0000fff6    00000002     rts430_eabi.lib : int11.asm.obj (.int11)

TIMER1_A1 
*          0    0000fff8    00000002     
                  0000fff8    00000002     rts430_eabi.lib : int12.asm.obj (.int12)

TIMER1_A0 
*          0    0000fffa    00000002     
                  0000fffa    00000002     rts430_eabi.lib : int13.asm.obj (.int13)

NMI        0    0000fffc    00000002     
                  0000fffc    00000002     rts430_eabi.lib : int14.asm.obj (.int14)

.reset     0    0000fffe    00000002     
                  0000fffe    00000002     rts430_eabi.lib : boot.c.obj (.reset)

$fill000   0    0000ffde    00000002     
                  0000ffde    00000002     --HOLE-- [fill = ffff]

MODULE SUMMARY

       Module                       code   ro data   rw data
       ------                       ----   -------   -------
    ./
       turnonlights.obj             2636   0         31     
       simonmain.obj                990    4         144    
       playsound2.obj               364    2         158    
       random.obj                   260    0         10     
    +--+----------------------------+------+---------+---------+
       Total:                       4250   6         343    
                                                            
    /Applications/ti/ccsv8/tools/compiler/ti-cgt-msp430_18.1.4.LTS/lib/rts430_eabi.lib
       copy_decompress_lzss.c.obj   124    0         0      
       lsr16.asm.obj                76     0         0      
       autoinit.c.obj               66     0         0      
       div16s.asm.obj               44     0         0      
       lsl16.asm.obj                44     0         0      
       boot.c.obj                   28     2         0      
       div16u.asm.obj               22     0         0      
       copy_zero_init.c.obj         20     0         0      
       mult16.asm.obj               20     0         0      
       copy_decompress_none.c.obj   18     0         0      
       memcpy.c.obj                 18     0         0      
       epilog.asm.obj               16     0         0      
       isr_trap.asm.obj             8      0         0      
       exit.c.obj                   6      0         0      
       pre_init.c.obj               4      0         0      
       int00.asm.obj                0      2         0      
       int02.asm.obj                0      2         0      
       int05.asm.obj                0      2         0      
       int06.asm.obj                0      2         0      
       int07.asm.obj                0      2         0      
       int08.asm.obj                0      2         0      
       int11.asm.obj                0      2         0      
       int12.asm.obj                0      2         0      
       int13.asm.obj                0      2         0      
       int14.asm.obj                0      2         0      
       startup.c.obj                2      0         0      
    +--+----------------------------+------+---------+---------+
       Total:                       516    22        0      
                                                            
       Stack:                       0      0         80     
       Linker Generated:            0      69        0      
    +--+----------------------------+------+---------+---------+
       Grand Total:                 4766   97        423    


LINKER GENERATED COPY TABLES

__TI_cinit_table @ 0000d2dc records: 2, size/record: 4, table size: 8
	.data: load addr=0000d29e, load size=00000033 bytes, run addr=000002da, run size=0000007e bytes, compression=lzss
	.bss: load addr=0000d2d8, load size=00000004 bytes, run addr=00000200, run size=000000da bytes, compression=zero_init


LINKER GENERATED HANDLER TABLE

__TI_handler_table @ 0000d2d2 records: 3, size/record: 2, table size: 6
	index: 0, handler: __TI_zero_init
	index: 1, handler: __TI_decompress_lzss
	index: 2, handler: __TI_decompress_none


GLOBAL SYMBOLS: SORTED ALPHABETICALLY BY Name 

address   name                          
-------   ----                          
00000354  ACLK_FREQ                     
0000004a  ADC10AE0                      
000001b0  ADC10CTL0                     
000001b2  ADC10CTL1                     
00000048  ADC10DTC0                     
00000049  ADC10DTC1                     
000001b4  ADC10MEM                      
000001bc  ADC10SA                       
00000057  BCSCTL1                       
00000058  BCSCTL2                       
00000053  BCSCTL3                       
0000032a  BTTNON                        
0000d292  C$$EXIT                       
00000059  CACTL1                        
0000005a  CACTL2                        
000010fb  CALBC1_12MHZ                  
000010f9  CALBC1_16MHZ                  
000010ff  CALBC1_1MHZ                   
000010fd  CALBC1_8MHZ                   
000010fa  CALDCO_12MHZ                  
000010f8  CALDCO_16MHZ                  
000010fe  CALDCO_1MHZ                   
000010fc  CALDCO_8MHZ                   
0000005b  CAPD                          
00000056  DCOCTL                        
00000128  FCTL1                         
0000012a  FCTL2                         
0000012c  FCTL3                         
00000000  IE1                           
00000001  IE2                           
00000002  IFG1                          
00000003  IFG2                          
00000022  P1DIR                         
00000025  P1IE                          
00000024  P1IES                         
00000023  P1IFG                         
00000020  P1IN                          
00000021  P1OUT                         
00000027  P1REN                         
00000026  P1SEL                         
00000041  P1SEL2                        
0000002a  P2DIR                         
0000002d  P2IE                          
0000002c  P2IES                         
0000002b  P2IFG                         
00000028  P2IN                          
00000029  P2OUT                         
0000002f  P2REN                         
0000002e  P2SEL                         
00000042  P2SEL2                        
0000001a  P3DIR                         
00000018  P3IN                          
00000019  P3OUT                         
00000010  P3REN                         
0000001b  P3SEL                         
00000043  P3SEL2                        
00000344  STATE                         
00000172  TA0CCR0                       
00000174  TA0CCR1                       
00000176  TA0CCR2                       
00000162  TA0CCTL0                      
00000164  TA0CCTL1                      
00000166  TA0CCTL2                      
00000160  TA0CTL                        
0000012e  TA0IV                         
00000170  TA0R                          
00000192  TA1CCR0                       
00000194  TA1CCR1                       
00000196  TA1CCR2                       
00000182  TA1CCTL0                      
00000184  TA1CCTL1                      
00000186  TA1CCTL2                      
00000180  TA1CTL                        
0000011e  TA1IV                         
00000190  TA1R                          
000002d2  TIME_OUT                      
000010db  TLV_ADC10_1_LEN               
000010da  TLV_ADC10_1_TAG               
000010c0  TLV_CHECKSUM                  
000010f7  TLV_DCO_30_LEN                
000010f6  TLV_DCO_30_TAG                
0000005d  UCA0ABCTL                     
00000062  UCA0BR0                       
00000063  UCA0BR1                       
00000060  UCA0CTL0                      
00000061  UCA0CTL1                      
0000005f  UCA0IRRCTL                    
0000005e  UCA0IRTCTL                    
00000064  UCA0MCTL                      
00000066  UCA0RXBUF                     
00000065  UCA0STAT                      
00000067  UCA0TXBUF                     
0000006a  UCB0BR0                       
0000006b  UCB0BR1                       
00000068  UCB0CTL0                      
00000069  UCB0CTL1                      
0000006c  UCB0I2CIE                     
00000118  UCB0I2COA                     
0000011a  UCB0I2CSA                     
0000006e  UCB0RXBUF                     
0000006d  UCB0STAT                      
0000006f  UCB0TXBUF                     
000002d4  WAITING                       
00000120  WDTCTL                        
00000400  __STACK_END                   
00000050  __STACK_SIZE                  
0000d2dc  __TI_CINIT_Base               
0000d2e4  __TI_CINIT_Limit              
0000d2d2  __TI_Handler_Table_Base       
0000d2d8  __TI_Handler_Table_Limit      
0000d28a  __TI_ISR_TRAP                 
0000d088  __TI_auto_init_nobinit_nopinit
0000ceca  __TI_decompress_lzss          
0000d21a  __TI_decompress_none          
0000ffe0  __TI_int00                    
0000ffe4  __TI_int02                    
0000ffe6  __TI_int03                    
0000ffea  __TI_int05                    
0000ffec  __TI_int06                    
0000ffee  __TI_int07                    
0000fff0  __TI_int08                    
0000fff2  __TI_int09                    
0000fff4  __TI_int10                    
0000fff6  __TI_int11                    
0000fff8  __TI_int12                    
0000fffa  __TI_int13                    
0000fffc  __TI_int14                    
ffffffff  __TI_pprof_out_hndl           
ffffffff  __TI_prof_data_size           
ffffffff  __TI_prof_data_start          
0000d1f2  __TI_zero_init_nomemset       
ffffffff  __c_args__                    
0000d168  __mspabi_divi                 
0000d1dc  __mspabi_divu                 
0000d26e  __mspabi_func_epilog_1        
0000d26c  __mspabi_func_epilog_2        
0000d26a  __mspabi_func_epilog_3        
0000d268  __mspabi_func_epilog_4        
0000d266  __mspabi_func_epilog_5        
0000d264  __mspabi_func_epilog_6        
0000d262  __mspabi_func_epilog_7        
0000d206  __mspabi_mpyi                 
0000d206  __mspabi_mpyi_sw              
0000d168  __mspabi_remi                 
0000d1dc  __mspabi_remu                 
0000d194  __mspabi_slli                 
0000d1bc  __mspabi_slli_1               
0000d1aa  __mspabi_slli_10              
0000d1a8  __mspabi_slli_11              
0000d1a6  __mspabi_slli_12              
0000d1a4  __mspabi_slli_13              
0000d1a2  __mspabi_slli_14              
0000d1a0  __mspabi_slli_15              
0000d1ba  __mspabi_slli_2               
0000d1b8  __mspabi_slli_3               
0000d1b6  __mspabi_slli_4               
0000d1b4  __mspabi_slli_5               
0000d1b2  __mspabi_slli_6               
0000d1b0  __mspabi_slli_7               
0000d1ae  __mspabi_slli_8               
0000d1ac  __mspabi_slli_9               
0000cff8  __mspabi_srli                 
0000d03e  __mspabi_srli_1               
0000d01a  __mspabi_srli_10              
0000d016  __mspabi_srli_11              
0000d012  __mspabi_srli_12              
0000d00e  __mspabi_srli_13              
0000d00a  __mspabi_srli_14              
0000d006  __mspabi_srli_15              
0000d03a  __mspabi_srli_2               
0000d036  __mspabi_srli_3               
0000d032  __mspabi_srli_4               
0000d02e  __mspabi_srli_5               
0000d02a  __mspabi_srli_6               
0000d026  __mspabi_srli_7               
0000d022  __mspabi_srli_8               
0000d01e  __mspabi_srli_9               
0000d1c0  _c_int00_noargs               
0000fffe  _reset_vector                 
000003b0  _stack                        
0000d29c  _system_post_cinit            
0000d298  _system_pre_init              
0000d292  abort                         
000002ee  button1                       
000002fc  button2                       
0000030a  button3                       
00000318  button4                       
0000cf46  button_press_isr              
000002ae  check_array                   
0000d0ca  convertnumstosound            
000002e8  countend                      
00000346  counter                       
000002e6  counts                        
000002ba  currsequence                  
000002eb  end                           
00000330  game_end                      
0000d108  generatecurrsequence          
0000d044  generatesequence              
0000d22c  get_ADC_val                   
000002ec  global                        
000002d6  global_len                    
0000ce34  init2                         
0000d13c  initgame                      
0000032e  is_animation                  
00000340  is_init                       
00000342  is_seeded                     
00000328  j                             
00000334  kelvintable                   
0000c528  led1_blue_on                  
000002dc  led1b                         
000002db  led1g                         
000002da  led1r                         
0000c67c  led2_green_on                 
000002df  led2b                         
000002de  led2g                         
000002dd  led2r                         
0000c7d0  led3_red_on                   
000002e2  led3b                         
000002e1  led3g                         
000002e0  led3r                         
0000c924  led4_yellow_on                
000002e5  led4b                         
000002e4  led4g                         
000002e3  led4r                         
0000ca78  led_off                       
0000d280  main                          
0000d23e  memcpy                        
00000348  n                             
0000ccc8  playsound2                    
000002d8  prearray                      
0000cfaa  rand                          
000002c6  seqgenerated                  
0000c3d0  simon_logic                   
00000296  songnotes                     
0000cba4  soundlightonpress_and_check   
0000034a  soundtable                    
0000d272  srand                         
000002ea  start                         
0000c216  start_seq_on                  
00000356  t                             
00000332  test                          
00000326  timelimit                     
0000cd84  timer0_isr                    
0000d250  watchdog_timer                
0000c000  winlose_seq                   
0000032c  won                           


GLOBAL SYMBOLS: SORTED BY Symbol Address 

address   name                          
-------   ----                          
00000000  IE1                           
00000001  IE2                           
00000002  IFG1                          
00000003  IFG2                          
00000010  P3REN                         
00000018  P3IN                          
00000019  P3OUT                         
0000001a  P3DIR                         
0000001b  P3SEL                         
00000020  P1IN                          
00000021  P1OUT                         
00000022  P1DIR                         
00000023  P1IFG                         
00000024  P1IES                         
00000025  P1IE                          
00000026  P1SEL                         
00000027  P1REN                         
00000028  P2IN                          
00000029  P2OUT                         
0000002a  P2DIR                         
0000002b  P2IFG                         
0000002c  P2IES                         
0000002d  P2IE                          
0000002e  P2SEL                         
0000002f  P2REN                         
00000041  P1SEL2                        
00000042  P2SEL2                        
00000043  P3SEL2                        
00000048  ADC10DTC0                     
00000049  ADC10DTC1                     
0000004a  ADC10AE0                      
00000050  __STACK_SIZE                  
00000053  BCSCTL3                       
00000056  DCOCTL                        
00000057  BCSCTL1                       
00000058  BCSCTL2                       
00000059  CACTL1                        
0000005a  CACTL2                        
0000005b  CAPD                          
0000005d  UCA0ABCTL                     
0000005e  UCA0IRTCTL                    
0000005f  UCA0IRRCTL                    
00000060  UCA0CTL0                      
00000061  UCA0CTL1                      
00000062  UCA0BR0                       
00000063  UCA0BR1                       
00000064  UCA0MCTL                      
00000065  UCA0STAT                      
00000066  UCA0RXBUF                     
00000067  UCA0TXBUF                     
00000068  UCB0CTL0                      
00000069  UCB0CTL1                      
0000006a  UCB0BR0                       
0000006b  UCB0BR1                       
0000006c  UCB0I2CIE                     
0000006d  UCB0STAT                      
0000006e  UCB0RXBUF                     
0000006f  UCB0TXBUF                     
00000118  UCB0I2COA                     
0000011a  UCB0I2CSA                     
0000011e  TA1IV                         
00000120  WDTCTL                        
00000128  FCTL1                         
0000012a  FCTL2                         
0000012c  FCTL3                         
0000012e  TA0IV                         
00000160  TA0CTL                        
00000162  TA0CCTL0                      
00000164  TA0CCTL1                      
00000166  TA0CCTL2                      
00000170  TA0R                          
00000172  TA0CCR0                       
00000174  TA0CCR1                       
00000176  TA0CCR2                       
00000180  TA1CTL                        
00000182  TA1CCTL0                      
00000184  TA1CCTL1                      
00000186  TA1CCTL2                      
00000190  TA1R                          
00000192  TA1CCR0                       
00000194  TA1CCR1                       
00000196  TA1CCR2                       
000001b0  ADC10CTL0                     
000001b2  ADC10CTL1                     
000001b4  ADC10MEM                      
000001bc  ADC10SA                       
00000296  songnotes                     
000002ae  check_array                   
000002ba  currsequence                  
000002c6  seqgenerated                  
000002d2  TIME_OUT                      
000002d4  WAITING                       
000002d6  global_len                    
000002d8  prearray                      
000002da  led1r                         
000002db  led1g                         
000002dc  led1b                         
000002dd  led2r                         
000002de  led2g                         
000002df  led2b                         
000002e0  led3r                         
000002e1  led3g                         
000002e2  led3b                         
000002e3  led4r                         
000002e4  led4g                         
000002e5  led4b                         
000002e6  counts                        
000002e8  countend                      
000002ea  start                         
000002eb  end                           
000002ec  global                        
000002ee  button1                       
000002fc  button2                       
0000030a  button3                       
00000318  button4                       
00000326  timelimit                     
00000328  j                             
0000032a  BTTNON                        
0000032c  won                           
0000032e  is_animation                  
00000330  game_end                      
00000332  test                          
00000334  kelvintable                   
00000340  is_init                       
00000342  is_seeded                     
00000344  STATE                         
00000346  counter                       
00000348  n                             
0000034a  soundtable                    
00000354  ACLK_FREQ                     
00000356  t                             
000003b0  _stack                        
00000400  __STACK_END                   
000010c0  TLV_CHECKSUM                  
000010da  TLV_ADC10_1_TAG               
000010db  TLV_ADC10_1_LEN               
000010f6  TLV_DCO_30_TAG                
000010f7  TLV_DCO_30_LEN                
000010f8  CALDCO_16MHZ                  
000010f9  CALBC1_16MHZ                  
000010fa  CALDCO_12MHZ                  
000010fb  CALBC1_12MHZ                  
000010fc  CALDCO_8MHZ                   
000010fd  CALBC1_8MHZ                   
000010fe  CALDCO_1MHZ                   
000010ff  CALBC1_1MHZ                   
0000c000  winlose_seq                   
0000c216  start_seq_on                  
0000c3d0  simon_logic                   
0000c528  led1_blue_on                  
0000c67c  led2_green_on                 
0000c7d0  led3_red_on                   
0000c924  led4_yellow_on                
0000ca78  led_off                       
0000cba4  soundlightonpress_and_check   
0000ccc8  playsound2                    
0000cd84  timer0_isr                    
0000ce34  init2                         
0000ceca  __TI_decompress_lzss          
0000cf46  button_press_isr              
0000cfaa  rand                          
0000cff8  __mspabi_srli                 
0000d006  __mspabi_srli_15              
0000d00a  __mspabi_srli_14              
0000d00e  __mspabi_srli_13              
0000d012  __mspabi_srli_12              
0000d016  __mspabi_srli_11              
0000d01a  __mspabi_srli_10              
0000d01e  __mspabi_srli_9               
0000d022  __mspabi_srli_8               
0000d026  __mspabi_srli_7               
0000d02a  __mspabi_srli_6               
0000d02e  __mspabi_srli_5               
0000d032  __mspabi_srli_4               
0000d036  __mspabi_srli_3               
0000d03a  __mspabi_srli_2               
0000d03e  __mspabi_srli_1               
0000d044  generatesequence              
0000d088  __TI_auto_init_nobinit_nopinit
0000d0ca  convertnumstosound            
0000d108  generatecurrsequence          
0000d13c  initgame                      
0000d168  __mspabi_divi                 
0000d168  __mspabi_remi                 
0000d194  __mspabi_slli                 
0000d1a0  __mspabi_slli_15              
0000d1a2  __mspabi_slli_14              
0000d1a4  __mspabi_slli_13              
0000d1a6  __mspabi_slli_12              
0000d1a8  __mspabi_slli_11              
0000d1aa  __mspabi_slli_10              
0000d1ac  __mspabi_slli_9               
0000d1ae  __mspabi_slli_8               
0000d1b0  __mspabi_slli_7               
0000d1b2  __mspabi_slli_6               
0000d1b4  __mspabi_slli_5               
0000d1b6  __mspabi_slli_4               
0000d1b8  __mspabi_slli_3               
0000d1ba  __mspabi_slli_2               
0000d1bc  __mspabi_slli_1               
0000d1c0  _c_int00_noargs               
0000d1dc  __mspabi_divu                 
0000d1dc  __mspabi_remu                 
0000d1f2  __TI_zero_init_nomemset       
0000d206  __mspabi_mpyi                 
0000d206  __mspabi_mpyi_sw              
0000d21a  __TI_decompress_none          
0000d22c  get_ADC_val                   
0000d23e  memcpy                        
0000d250  watchdog_timer                
0000d262  __mspabi_func_epilog_7        
0000d264  __mspabi_func_epilog_6        
0000d266  __mspabi_func_epilog_5        
0000d268  __mspabi_func_epilog_4        
0000d26a  __mspabi_func_epilog_3        
0000d26c  __mspabi_func_epilog_2        
0000d26e  __mspabi_func_epilog_1        
0000d272  srand                         
0000d280  main                          
0000d28a  __TI_ISR_TRAP                 
0000d292  C$$EXIT                       
0000d292  abort                         
0000d298  _system_pre_init              
0000d29c  _system_post_cinit            
0000d2d2  __TI_Handler_Table_Base       
0000d2d8  __TI_Handler_Table_Limit      
0000d2dc  __TI_CINIT_Base               
0000d2e4  __TI_CINIT_Limit              
0000ffe0  __TI_int00                    
0000ffe4  __TI_int02                    
0000ffe6  __TI_int03                    
0000ffea  __TI_int05                    
0000ffec  __TI_int06                    
0000ffee  __TI_int07                    
0000fff0  __TI_int08                    
0000fff2  __TI_int09                    
0000fff4  __TI_int10                    
0000fff6  __TI_int11                    
0000fff8  __TI_int12                    
0000fffa  __TI_int13                    
0000fffc  __TI_int14                    
0000fffe  _reset_vector                 
ffffffff  __TI_pprof_out_hndl           
ffffffff  __TI_prof_data_size           
ffffffff  __TI_prof_data_start          
ffffffff  __c_args__                    

[246 symbols]
